// Jest Snapshot v1, https://goo.gl/fbAQLP

exports[`HomePage renders the home page 1`] = `
<div>
  <div
    class="grid grid-cols-12 gap-6 max-w-fit border rounded-sm p-2"
    data-testid="home-page"
  >
    <h1>
      Home Page
    </h1>
  </div>
</div>
`;
